2025-07-11 00:01:09,628:WARNING:
'cuml' is a soft dependency and not included in the pycaret installation. Please run: `pip install cuml` to install.
2025-07-11 00:01:09,628:WARNING:
'cuml' is a soft dependency and not included in the pycaret installation. Please run: `pip install cuml` to install.
2025-07-11 00:01:09,628:WARNING:
'cuml' is a soft dependency and not included in the pycaret installation. Please run: `pip install cuml` to install.
2025-07-11 00:01:09,628:WARNING:
'cuml' is a soft dependency and not included in the pycaret installation. Please run: `pip install cuml` to install.
2025-07-11 00:02:19,073:WARNING:
'cuml' is a soft dependency and not included in the pycaret installation. Please run: `pip install cuml` to install.
2025-07-11 00:02:19,074:WARNING:
'cuml' is a soft dependency and not included in the pycaret installation. Please run: `pip install cuml` to install.
2025-07-11 00:02:19,074:WARNING:
'cuml' is a soft dependency and not included in the pycaret installation. Please run: `pip install cuml` to install.
2025-07-11 00:02:19,074:WARNING:
'cuml' is a soft dependency and not included in the pycaret installation. Please run: `pip install cuml` to install.
2025-07-11 00:02:26,380:INFO:Initializing load_model()
2025-07-11 00:02:26,380:INFO:load_model(model_name=C:\Users\damia\Desktop\dsc_pjatk\kod\BusPunctuality\xgb\xgboost.pkl, platform=None, authentication=None, verbose=True)
2025-07-11 00:02:26,390:WARNING:C:\Users\damia\Desktop\dsc_pjatk\kod\BusPunctuality\venv\Lib\site-packages\sklearn\base.py:376: InconsistentVersionWarning: Trying to unpickle estimator MinMaxScaler from version 1.7.0 when using version 1.4.2. This might lead to breaking code or invalid results. Use at your own risk. For more info please refer to:
https://scikit-learn.org/stable/model_persistence.html#security-maintainability-limitations
  warnings.warn(

2025-07-11 00:02:26,392:WARNING:C:\Users\damia\Desktop\dsc_pjatk\kod\BusPunctuality\venv\Lib\site-packages\sklearn\base.py:376: InconsistentVersionWarning: Trying to unpickle estimator OneHotEncoder from version 1.7.0 when using version 1.4.2. This might lead to breaking code or invalid results. Use at your own risk. For more info please refer to:
https://scikit-learn.org/stable/model_persistence.html#security-maintainability-limitations
  warnings.warn(

2025-07-11 00:10:33,311:WARNING:
'cuml' is a soft dependency and not included in the pycaret installation. Please run: `pip install cuml` to install.
2025-07-11 00:10:33,311:WARNING:
'cuml' is a soft dependency and not included in the pycaret installation. Please run: `pip install cuml` to install.
2025-07-11 00:10:33,311:WARNING:
'cuml' is a soft dependency and not included in the pycaret installation. Please run: `pip install cuml` to install.
2025-07-11 00:10:33,311:WARNING:
'cuml' is a soft dependency and not included in the pycaret installation. Please run: `pip install cuml` to install.
2025-07-11 00:10:33,440:WARNING:C:\Users\damia\Desktop\dsc_pjatk\kod\BusPunctuality\streamlit-app\app\config.py:6: SyntaxWarning: invalid escape sequence '\m'
  GRAPH_NN_MODEL_DIR = os.path.join(BASE_DIR, "streamlit-app\models\graph_nn\model_predict")

2025-07-11 00:10:41,538:INFO:Initializing load_model()
2025-07-11 00:10:41,538:INFO:load_model(model_name=C:\Users\damia\Desktop\dsc_pjatk\kod\BusPunctuality\xgb\xgboost, platform=None, authentication=None, verbose=True)
2025-07-11 00:10:41,579:WARNING:C:\Users\damia\Desktop\dsc_pjatk\kod\BusPunctuality\venv\Lib\site-packages\sklearn\base.py:376: InconsistentVersionWarning: Trying to unpickle estimator MinMaxScaler from version 1.7.0 when using version 1.4.2. This might lead to breaking code or invalid results. Use at your own risk. For more info please refer to:
https://scikit-learn.org/stable/model_persistence.html#security-maintainability-limitations
  warnings.warn(

2025-07-11 00:10:41,579:WARNING:C:\Users\damia\Desktop\dsc_pjatk\kod\BusPunctuality\venv\Lib\site-packages\sklearn\base.py:376: InconsistentVersionWarning: Trying to unpickle estimator OneHotEncoder from version 1.7.0 when using version 1.4.2. This might lead to breaking code or invalid results. Use at your own risk. For more info please refer to:
https://scikit-learn.org/stable/model_persistence.html#security-maintainability-limitations
  warnings.warn(

2025-07-11 00:11:20,301:WARNING:C:\Users\damia\Desktop\dsc_pjatk\kod\BusPunctuality\streamlit-app\app\config.py:6: SyntaxWarning: invalid escape sequence '\m'
  GRAPH_NN_MODEL_DIR = os.path.join(BASE_DIR, "streamlit-app\models\graph_nn\model_predict")

2025-07-11 00:11:24,658:INFO:Initializing load_model()
2025-07-11 00:11:24,658:INFO:load_model(model_name=C:\Users\damia\Desktop\dsc_pjatk\kod\BusPunctuality\xgb\dupa, platform=None, authentication=None, verbose=True)
2025-07-11 00:11:24,665:WARNING:C:\Users\damia\Desktop\dsc_pjatk\kod\BusPunctuality\venv\Lib\site-packages\sklearn\base.py:376: InconsistentVersionWarning: Trying to unpickle estimator MinMaxScaler from version 1.7.0 when using version 1.4.2. This might lead to breaking code or invalid results. Use at your own risk. For more info please refer to:
https://scikit-learn.org/stable/model_persistence.html#security-maintainability-limitations
  warnings.warn(

2025-07-11 00:11:24,666:WARNING:C:\Users\damia\Desktop\dsc_pjatk\kod\BusPunctuality\venv\Lib\site-packages\sklearn\base.py:376: InconsistentVersionWarning: Trying to unpickle estimator OneHotEncoder from version 1.7.0 when using version 1.4.2. This might lead to breaking code or invalid results. Use at your own risk. For more info please refer to:
https://scikit-learn.org/stable/model_persistence.html#security-maintainability-limitations
  warnings.warn(

2025-07-11 00:11:51,312:WARNING:C:\Users\damia\Desktop\dsc_pjatk\kod\BusPunctuality\streamlit-app\app\config.py:6: SyntaxWarning: invalid escape sequence '\m'
  GRAPH_NN_MODEL_DIR = os.path.join(BASE_DIR, "streamlit-app\models\graph_nn\model_predict")

2025-07-11 00:11:54,440:INFO:Initializing load_model()
2025-07-11 00:11:54,441:INFO:load_model(model_name=C:\Users\damia\Desktop\dsc_pjatk\kod\BusPunctuality\xgb\xgboost, platform=None, authentication=None, verbose=True)
2025-07-11 00:11:54,459:WARNING:C:\Users\damia\Desktop\dsc_pjatk\kod\BusPunctuality\venv\Lib\site-packages\sklearn\base.py:376: InconsistentVersionWarning: Trying to unpickle estimator MinMaxScaler from version 1.7.0 when using version 1.4.2. This might lead to breaking code or invalid results. Use at your own risk. For more info please refer to:
https://scikit-learn.org/stable/model_persistence.html#security-maintainability-limitations
  warnings.warn(

2025-07-11 00:11:54,460:WARNING:C:\Users\damia\Desktop\dsc_pjatk\kod\BusPunctuality\venv\Lib\site-packages\sklearn\base.py:376: InconsistentVersionWarning: Trying to unpickle estimator OneHotEncoder from version 1.7.0 when using version 1.4.2. This might lead to breaking code or invalid results. Use at your own risk. For more info please refer to:
https://scikit-learn.org/stable/model_persistence.html#security-maintainability-limitations
  warnings.warn(

2025-07-11 00:15:38,626:WARNING:
'cuml' is a soft dependency and not included in the pycaret installation. Please run: `pip install cuml` to install.
2025-07-11 00:15:38,626:WARNING:
'cuml' is a soft dependency and not included in the pycaret installation. Please run: `pip install cuml` to install.
2025-07-11 00:15:38,626:WARNING:
'cuml' is a soft dependency and not included in the pycaret installation. Please run: `pip install cuml` to install.
2025-07-11 00:15:38,626:WARNING:
'cuml' is a soft dependency and not included in the pycaret installation. Please run: `pip install cuml` to install.
2025-07-11 00:15:38,768:WARNING:C:\Users\damia\Desktop\dsc_pjatk\kod\BusPunctuality\streamlit-app\app\config.py:6: SyntaxWarning: invalid escape sequence '\m'
  GRAPH_NN_MODEL_DIR = os.path.join(BASE_DIR, "streamlit-app\models\graph_nn\model_predict")

2025-07-11 00:15:44,354:INFO:Initializing load_model()
2025-07-11 00:15:44,354:INFO:load_model(model_name=C:\Users\damia\Desktop\dsc_pjatk\kod\BusPunctuality\xgb\xgboost, platform=None, authentication=None, verbose=True)
2025-07-11 00:15:44,846:WARNING:C:\Users\damia\AppData\Local\Programs\Python\Python312\Lib\pickle.py:1759: UserWarning: [00:15:44] WARNING: C:\actions-runner\_work\xgboost\xgboost\src\data\../common/error_msg.h:82: If you are loading a serialized model (like pickle in Python, RDS in R) or
configuration generated by an older version of XGBoost, please export the model by calling
`Booster.save_model` from that version first, then load it back in current version. See:

    https://xgboost.readthedocs.io/en/stable/tutorials/saving_model.html

for more details about differences between saving model and serializing.

  setstate(state)

2025-07-11 00:15:45,026:WARNING:C:\Users\damia\Desktop\dsc_pjatk\kod\BusPunctuality\venv\Lib\site-packages\pycaret\internal\pipeline.py:152: UserWarning: Version mismatch:
current: {'deps_info': {'pip': '25.1.1', 'setuptools': '80.9.0', 'pycaret': '3.4.0', 'IPython': '9.4.0', 'ipywidgets': '8.1.7', 'tqdm': '4.67.1', 'numpy': '1.26.4', 'pandas': '2.1.4', 'jinja2': '3.1.6', 'scipy': '1.11.4', 'joblib': '1.4.2', 'sklearn': '1.4.2', 'pyod': '2.0.5', 'imblearn': '0.13.0', 'category_encoders': '2.7.0', 'lightgbm': '4.6.0', 'numba': '0.61.2', 'requests': '2.32.4', 'matplotlib': '3.7.5', 'scikitplot': '0.3.12', 'yellowbrick': '1.5', 'plotly': '5.24.1', 'plotly-resampler': 'Not installed', 'kaleido': '1.0.0', 'schemdraw': '0.15', 'statsmodels': '0.14.5', 'sktime': '0.31.0', 'tbats': '1.1.3', 'pmdarima': '2.0.4', 'psutil': '7.0.0', 'markupsafe': '3.0.2', 'pickle5': 'Not installed', 'cloudpickle': '3.1.1', 'deprecation': '2.1.0', 'xxhash': '3.5.0', 'wurlitzer': 'Not installed'}, 'python': {'version': '3.12.7', 'machine': 'AMD64'}}
pickle: {'deps_info': {'pip': '25.1.1', 'setuptools': '78.1.1', 'pycaret': '3.3.2', 'IPython': '8.17.2', 'ipywidgets': '8.1.1', 'tqdm': '4.66.1', 'numpy': '1.26.4', 'pandas': '2.1.4', 'jinja2': '3.1.6', 'scipy': '1.11.4', 'joblib': '1.3.2', 'sklearn': '1.4.2', 'pyod': '2.0.5', 'imblearn': '0.13.0', 'category_encoders': '2.7.0', 'lightgbm': '4.6.0', 'numba': '0.61.2', 'requests': '2.32.4', 'matplotlib': '3.7.5', 'scikitplot': '0.3.7', 'yellowbrick': '1.5', 'plotly': '5.24.1', 'plotly-resampler': 'Not installed', 'kaleido': '1.0.0', 'schemdraw': '0.15', 'statsmodels': '0.14.4', 'sktime': '0.26.0', 'tbats': '1.1.3', 'pmdarima': '2.0.4', 'psutil': '7.0.0', 'markupsafe': '3.0.2', 'pickle5': 'Not installed', 'cloudpickle': '3.1.1', 'deprecation': '2.1.0', 'xxhash': '3.5.0', 'wurlitzer': '3.1.1'}, 'python': {'version': '3.10.10', 'machine': 'x86_64'}}
  warnings.warn(

2025-07-11 00:15:45,026:WARNING:C:\Users\damia\Desktop\dsc_pjatk\kod\BusPunctuality\streamlit-app\models\xgb_model.py:80: FutureWarning: The argument 'infer_datetime_format' is deprecated and will be removed in a future version. A strict version of it is now the default, see https://pandas.pydata.org/pdeps/0004-consistent-to-datetime-parsing.html. You can safely remove this argument.
  self.df_mapping = pd.read_csv(

2025-07-11 00:15:45,249:WARNING:C:\Users\damia\Desktop\dsc_pjatk\kod\BusPunctuality\venv\Lib\site-packages\sklearn\base.py:376: InconsistentVersionWarning: Trying to unpickle estimator MinMaxScaler from version 1.7.0 when using version 1.4.2. This might lead to breaking code or invalid results. Use at your own risk. For more info please refer to:
https://scikit-learn.org/stable/model_persistence.html#security-maintainability-limitations
  warnings.warn(

2025-07-11 00:15:45,249:WARNING:C:\Users\damia\Desktop\dsc_pjatk\kod\BusPunctuality\venv\Lib\site-packages\sklearn\base.py:376: InconsistentVersionWarning: Trying to unpickle estimator OneHotEncoder from version 1.7.0 when using version 1.4.2. This might lead to breaking code or invalid results. Use at your own risk. For more info please refer to:
https://scikit-learn.org/stable/model_persistence.html#security-maintainability-limitations
  warnings.warn(

2025-07-11 00:15:54,805:INFO:Initializing load_model()
2025-07-11 00:15:54,805:INFO:load_model(model_name=C:\Users\damia\Desktop\dsc_pjatk\kod\BusPunctuality\xgb\xgboost, platform=None, authentication=None, verbose=True)
2025-07-11 00:15:54,818:WARNING:C:\Users\damia\Desktop\dsc_pjatk\kod\BusPunctuality\venv\Lib\site-packages\pycaret\internal\pipeline.py:152: UserWarning: Version mismatch:
current: {'deps_info': {'pip': '25.1.1', 'setuptools': '80.9.0', 'pycaret': '3.4.0', 'IPython': '9.4.0', 'ipywidgets': '8.1.7', 'tqdm': '4.67.1', 'numpy': '1.26.4', 'pandas': '2.1.4', 'jinja2': '3.1.6', 'scipy': '1.11.4', 'joblib': '1.4.2', 'sklearn': '1.4.2', 'pyod': '2.0.5', 'imblearn': '0.13.0', 'category_encoders': '2.7.0', 'lightgbm': '4.6.0', 'numba': '0.61.2', 'requests': '2.32.4', 'matplotlib': '3.7.5', 'scikitplot': '0.3.12', 'yellowbrick': '1.5', 'plotly': '5.24.1', 'plotly-resampler': 'Not installed', 'kaleido': '1.0.0', 'schemdraw': '0.15', 'statsmodels': '0.14.5', 'sktime': '0.31.0', 'tbats': '1.1.3', 'pmdarima': '2.0.4', 'psutil': '7.0.0', 'markupsafe': '3.0.2', 'pickle5': 'Not installed', 'cloudpickle': '3.1.1', 'deprecation': '2.1.0', 'xxhash': '3.5.0', 'wurlitzer': 'Not installed'}, 'python': {'version': '3.12.7', 'machine': 'AMD64'}}
pickle: {'deps_info': {'pip': '25.1.1', 'setuptools': '78.1.1', 'pycaret': '3.3.2', 'IPython': '8.17.2', 'ipywidgets': '8.1.1', 'tqdm': '4.66.1', 'numpy': '1.26.4', 'pandas': '2.1.4', 'jinja2': '3.1.6', 'scipy': '1.11.4', 'joblib': '1.3.2', 'sklearn': '1.4.2', 'pyod': '2.0.5', 'imblearn': '0.13.0', 'category_encoders': '2.7.0', 'lightgbm': '4.6.0', 'numba': '0.61.2', 'requests': '2.32.4', 'matplotlib': '3.7.5', 'scikitplot': '0.3.7', 'yellowbrick': '1.5', 'plotly': '5.24.1', 'plotly-resampler': 'Not installed', 'kaleido': '1.0.0', 'schemdraw': '0.15', 'statsmodels': '0.14.4', 'sktime': '0.26.0', 'tbats': '1.1.3', 'pmdarima': '2.0.4', 'psutil': '7.0.0', 'markupsafe': '3.0.2', 'pickle5': 'Not installed', 'cloudpickle': '3.1.1', 'deprecation': '2.1.0', 'xxhash': '3.5.0', 'wurlitzer': '3.1.1'}, 'python': {'version': '3.10.10', 'machine': 'x86_64'}}
  warnings.warn(

2025-07-11 00:15:54,821:WARNING:C:\Users\damia\Desktop\dsc_pjatk\kod\BusPunctuality\streamlit-app\models\xgb_model.py:80: FutureWarning: The argument 'infer_datetime_format' is deprecated and will be removed in a future version. A strict version of it is now the default, see https://pandas.pydata.org/pdeps/0004-consistent-to-datetime-parsing.html. You can safely remove this argument.
  self.df_mapping = pd.read_csv(

2025-07-11 00:15:55,041:WARNING:C:\Users\damia\Desktop\dsc_pjatk\kod\BusPunctuality\venv\Lib\site-packages\sklearn\base.py:376: InconsistentVersionWarning: Trying to unpickle estimator MinMaxScaler from version 1.7.0 when using version 1.4.2. This might lead to breaking code or invalid results. Use at your own risk. For more info please refer to:
https://scikit-learn.org/stable/model_persistence.html#security-maintainability-limitations
  warnings.warn(

2025-07-11 00:15:55,041:WARNING:C:\Users\damia\Desktop\dsc_pjatk\kod\BusPunctuality\venv\Lib\site-packages\sklearn\base.py:376: InconsistentVersionWarning: Trying to unpickle estimator OneHotEncoder from version 1.7.0 when using version 1.4.2. This might lead to breaking code or invalid results. Use at your own risk. For more info please refer to:
https://scikit-learn.org/stable/model_persistence.html#security-maintainability-limitations
  warnings.warn(

2025-07-11 00:16:31,643:WARNING:
'cuml' is a soft dependency and not included in the pycaret installation. Please run: `pip install cuml` to install.
2025-07-11 00:16:31,643:WARNING:
'cuml' is a soft dependency and not included in the pycaret installation. Please run: `pip install cuml` to install.
2025-07-11 00:16:31,643:WARNING:
'cuml' is a soft dependency and not included in the pycaret installation. Please run: `pip install cuml` to install.
2025-07-11 00:16:31,643:WARNING:
'cuml' is a soft dependency and not included in the pycaret installation. Please run: `pip install cuml` to install.
2025-07-11 00:17:04,561:INFO:Initializing load_model()
2025-07-11 00:17:04,561:INFO:load_model(model_name=C:\Users\damia\Desktop\dsc_pjatk\kod\BusPunctuality\xgb\xgboost, platform=None, authentication=None, verbose=True)
2025-07-11 00:17:04,718:WARNING:C:\Users\damia\AppData\Local\Programs\Python\Python312\Lib\pickle.py:1759: UserWarning: [00:17:04] WARNING: C:\actions-runner\_work\xgboost\xgboost\src\data\../common/error_msg.h:82: If you are loading a serialized model (like pickle in Python, RDS in R) or
configuration generated by an older version of XGBoost, please export the model by calling
`Booster.save_model` from that version first, then load it back in current version. See:

    https://xgboost.readthedocs.io/en/stable/tutorials/saving_model.html

for more details about differences between saving model and serializing.

  setstate(state)

2025-07-11 00:17:04,811:WARNING:C:\Users\damia\Desktop\dsc_pjatk\kod\BusPunctuality\venv\Lib\site-packages\pycaret\internal\pipeline.py:152: UserWarning: Version mismatch:
current: {'deps_info': {'pip': '25.1.1', 'setuptools': '80.9.0', 'pycaret': '3.4.0', 'IPython': '9.4.0', 'ipywidgets': '8.1.7', 'tqdm': '4.67.1', 'numpy': '1.26.4', 'pandas': '2.1.4', 'jinja2': '3.1.6', 'scipy': '1.11.4', 'joblib': '1.4.2', 'sklearn': '1.4.2', 'pyod': '2.0.5', 'imblearn': '0.13.0', 'category_encoders': '2.7.0', 'lightgbm': '4.6.0', 'numba': '0.61.2', 'requests': '2.32.4', 'matplotlib': '3.7.5', 'scikitplot': '0.3.12', 'yellowbrick': '1.5', 'plotly': '5.24.1', 'plotly-resampler': 'Not installed', 'kaleido': '1.0.0', 'schemdraw': '0.15', 'statsmodels': '0.14.5', 'sktime': '0.31.0', 'tbats': '1.1.3', 'pmdarima': '2.0.4', 'psutil': '7.0.0', 'markupsafe': '3.0.2', 'pickle5': 'Not installed', 'cloudpickle': '3.1.1', 'deprecation': '2.1.0', 'xxhash': '3.5.0', 'wurlitzer': 'Not installed'}, 'python': {'version': '3.12.7', 'machine': 'AMD64'}}
pickle: {'deps_info': {'pip': '25.1.1', 'setuptools': '78.1.1', 'pycaret': '3.3.2', 'IPython': '8.17.2', 'ipywidgets': '8.1.1', 'tqdm': '4.66.1', 'numpy': '1.26.4', 'pandas': '2.1.4', 'jinja2': '3.1.6', 'scipy': '1.11.4', 'joblib': '1.3.2', 'sklearn': '1.4.2', 'pyod': '2.0.5', 'imblearn': '0.13.0', 'category_encoders': '2.7.0', 'lightgbm': '4.6.0', 'numba': '0.61.2', 'requests': '2.32.4', 'matplotlib': '3.7.5', 'scikitplot': '0.3.7', 'yellowbrick': '1.5', 'plotly': '5.24.1', 'plotly-resampler': 'Not installed', 'kaleido': '1.0.0', 'schemdraw': '0.15', 'statsmodels': '0.14.4', 'sktime': '0.26.0', 'tbats': '1.1.3', 'pmdarima': '2.0.4', 'psutil': '7.0.0', 'markupsafe': '3.0.2', 'pickle5': 'Not installed', 'cloudpickle': '3.1.1', 'deprecation': '2.1.0', 'xxhash': '3.5.0', 'wurlitzer': '3.1.1'}, 'python': {'version': '3.10.10', 'machine': 'x86_64'}}
  warnings.warn(

2025-07-11 00:17:04,811:WARNING:C:\Users\damia\Desktop\dsc_pjatk\kod\BusPunctuality\streamlit-app\models\xgb_model.py:80: FutureWarning: The argument 'infer_datetime_format' is deprecated and will be removed in a future version. A strict version of it is now the default, see https://pandas.pydata.org/pdeps/0004-consistent-to-datetime-parsing.html. You can safely remove this argument.
  self.df_mapping = pd.read_csv(

2025-07-11 00:17:04,983:WARNING:C:\Users\damia\Desktop\dsc_pjatk\kod\BusPunctuality\venv\Lib\site-packages\sklearn\base.py:376: InconsistentVersionWarning: Trying to unpickle estimator MinMaxScaler from version 1.7.0 when using version 1.4.2. This might lead to breaking code or invalid results. Use at your own risk. For more info please refer to:
https://scikit-learn.org/stable/model_persistence.html#security-maintainability-limitations
  warnings.warn(

2025-07-11 00:17:04,987:WARNING:C:\Users\damia\Desktop\dsc_pjatk\kod\BusPunctuality\venv\Lib\site-packages\sklearn\base.py:376: InconsistentVersionWarning: Trying to unpickle estimator OneHotEncoder from version 1.7.0 when using version 1.4.2. This might lead to breaking code or invalid results. Use at your own risk. For more info please refer to:
https://scikit-learn.org/stable/model_persistence.html#security-maintainability-limitations
  warnings.warn(

2025-07-11 00:18:16,841:INFO:Initializing load_model()
2025-07-11 00:18:16,842:INFO:load_model(model_name=C:\Users\damia\Desktop\dsc_pjatk\kod\BusPunctuality\xgb\xgboost, platform=None, authentication=None, verbose=True)
2025-07-11 00:18:16,860:WARNING:C:\Users\damia\Desktop\dsc_pjatk\kod\BusPunctuality\venv\Lib\site-packages\pycaret\internal\pipeline.py:152: UserWarning: Version mismatch:
current: {'deps_info': {'pip': '25.1.1', 'setuptools': '80.9.0', 'pycaret': '3.4.0', 'IPython': '9.4.0', 'ipywidgets': '8.1.7', 'tqdm': '4.67.1', 'numpy': '1.26.4', 'pandas': '2.1.4', 'jinja2': '3.1.6', 'scipy': '1.11.4', 'joblib': '1.4.2', 'sklearn': '1.4.2', 'pyod': '2.0.5', 'imblearn': '0.13.0', 'category_encoders': '2.7.0', 'lightgbm': '4.6.0', 'numba': '0.61.2', 'requests': '2.32.4', 'matplotlib': '3.7.5', 'scikitplot': '0.3.12', 'yellowbrick': '1.5', 'plotly': '5.24.1', 'plotly-resampler': 'Not installed', 'kaleido': '1.0.0', 'schemdraw': '0.15', 'statsmodels': '0.14.5', 'sktime': '0.31.0', 'tbats': '1.1.3', 'pmdarima': '2.0.4', 'psutil': '7.0.0', 'markupsafe': '3.0.2', 'pickle5': 'Not installed', 'cloudpickle': '3.1.1', 'deprecation': '2.1.0', 'xxhash': '3.5.0', 'wurlitzer': 'Not installed'}, 'python': {'version': '3.12.7', 'machine': 'AMD64'}}
pickle: {'deps_info': {'pip': '25.1.1', 'setuptools': '78.1.1', 'pycaret': '3.3.2', 'IPython': '8.17.2', 'ipywidgets': '8.1.1', 'tqdm': '4.66.1', 'numpy': '1.26.4', 'pandas': '2.1.4', 'jinja2': '3.1.6', 'scipy': '1.11.4', 'joblib': '1.3.2', 'sklearn': '1.4.2', 'pyod': '2.0.5', 'imblearn': '0.13.0', 'category_encoders': '2.7.0', 'lightgbm': '4.6.0', 'numba': '0.61.2', 'requests': '2.32.4', 'matplotlib': '3.7.5', 'scikitplot': '0.3.7', 'yellowbrick': '1.5', 'plotly': '5.24.1', 'plotly-resampler': 'Not installed', 'kaleido': '1.0.0', 'schemdraw': '0.15', 'statsmodels': '0.14.4', 'sktime': '0.26.0', 'tbats': '1.1.3', 'pmdarima': '2.0.4', 'psutil': '7.0.0', 'markupsafe': '3.0.2', 'pickle5': 'Not installed', 'cloudpickle': '3.1.1', 'deprecation': '2.1.0', 'xxhash': '3.5.0', 'wurlitzer': '3.1.1'}, 'python': {'version': '3.10.10', 'machine': 'x86_64'}}
  warnings.warn(

2025-07-11 00:18:16,860:WARNING:C:\Users\damia\Desktop\dsc_pjatk\kod\BusPunctuality\streamlit-app\models\xgb_model.py:80: FutureWarning: The argument 'infer_datetime_format' is deprecated and will be removed in a future version. A strict version of it is now the default, see https://pandas.pydata.org/pdeps/0004-consistent-to-datetime-parsing.html. You can safely remove this argument.
  self.df_mapping = pd.read_csv(

2025-07-11 00:18:17,083:WARNING:C:\Users\damia\Desktop\dsc_pjatk\kod\BusPunctuality\venv\Lib\site-packages\sklearn\base.py:376: InconsistentVersionWarning: Trying to unpickle estimator MinMaxScaler from version 1.7.0 when using version 1.4.2. This might lead to breaking code or invalid results. Use at your own risk. For more info please refer to:
https://scikit-learn.org/stable/model_persistence.html#security-maintainability-limitations
  warnings.warn(

2025-07-11 00:18:17,085:WARNING:C:\Users\damia\Desktop\dsc_pjatk\kod\BusPunctuality\venv\Lib\site-packages\sklearn\base.py:376: InconsistentVersionWarning: Trying to unpickle estimator OneHotEncoder from version 1.7.0 when using version 1.4.2. This might lead to breaking code or invalid results. Use at your own risk. For more info please refer to:
https://scikit-learn.org/stable/model_persistence.html#security-maintainability-limitations
  warnings.warn(

2025-07-11 00:18:25,239:INFO:Initializing load_model()
2025-07-11 00:18:25,239:INFO:load_model(model_name=C:\Users\damia\Desktop\dsc_pjatk\kod\BusPunctuality\xgb\xgboost, platform=None, authentication=None, verbose=True)
2025-07-11 00:18:25,253:WARNING:C:\Users\damia\Desktop\dsc_pjatk\kod\BusPunctuality\venv\Lib\site-packages\pycaret\internal\pipeline.py:152: UserWarning: Version mismatch:
current: {'deps_info': {'pip': '25.1.1', 'setuptools': '80.9.0', 'pycaret': '3.4.0', 'IPython': '9.4.0', 'ipywidgets': '8.1.7', 'tqdm': '4.67.1', 'numpy': '1.26.4', 'pandas': '2.1.4', 'jinja2': '3.1.6', 'scipy': '1.11.4', 'joblib': '1.4.2', 'sklearn': '1.4.2', 'pyod': '2.0.5', 'imblearn': '0.13.0', 'category_encoders': '2.7.0', 'lightgbm': '4.6.0', 'numba': '0.61.2', 'requests': '2.32.4', 'matplotlib': '3.7.5', 'scikitplot': '0.3.12', 'yellowbrick': '1.5', 'plotly': '5.24.1', 'plotly-resampler': 'Not installed', 'kaleido': '1.0.0', 'schemdraw': '0.15', 'statsmodels': '0.14.5', 'sktime': '0.31.0', 'tbats': '1.1.3', 'pmdarima': '2.0.4', 'psutil': '7.0.0', 'markupsafe': '3.0.2', 'pickle5': 'Not installed', 'cloudpickle': '3.1.1', 'deprecation': '2.1.0', 'xxhash': '3.5.0', 'wurlitzer': 'Not installed'}, 'python': {'version': '3.12.7', 'machine': 'AMD64'}}
pickle: {'deps_info': {'pip': '25.1.1', 'setuptools': '78.1.1', 'pycaret': '3.3.2', 'IPython': '8.17.2', 'ipywidgets': '8.1.1', 'tqdm': '4.66.1', 'numpy': '1.26.4', 'pandas': '2.1.4', 'jinja2': '3.1.6', 'scipy': '1.11.4', 'joblib': '1.3.2', 'sklearn': '1.4.2', 'pyod': '2.0.5', 'imblearn': '0.13.0', 'category_encoders': '2.7.0', 'lightgbm': '4.6.0', 'numba': '0.61.2', 'requests': '2.32.4', 'matplotlib': '3.7.5', 'scikitplot': '0.3.7', 'yellowbrick': '1.5', 'plotly': '5.24.1', 'plotly-resampler': 'Not installed', 'kaleido': '1.0.0', 'schemdraw': '0.15', 'statsmodels': '0.14.4', 'sktime': '0.26.0', 'tbats': '1.1.3', 'pmdarima': '2.0.4', 'psutil': '7.0.0', 'markupsafe': '3.0.2', 'pickle5': 'Not installed', 'cloudpickle': '3.1.1', 'deprecation': '2.1.0', 'xxhash': '3.5.0', 'wurlitzer': '3.1.1'}, 'python': {'version': '3.10.10', 'machine': 'x86_64'}}
  warnings.warn(

2025-07-11 00:18:25,253:WARNING:C:\Users\damia\Desktop\dsc_pjatk\kod\BusPunctuality\streamlit-app\models\xgb_model.py:80: FutureWarning: The argument 'infer_datetime_format' is deprecated and will be removed in a future version. A strict version of it is now the default, see https://pandas.pydata.org/pdeps/0004-consistent-to-datetime-parsing.html. You can safely remove this argument.
  self.df_mapping = pd.read_csv(

2025-07-11 00:18:25,464:WARNING:C:\Users\damia\Desktop\dsc_pjatk\kod\BusPunctuality\venv\Lib\site-packages\sklearn\base.py:376: InconsistentVersionWarning: Trying to unpickle estimator MinMaxScaler from version 1.7.0 when using version 1.4.2. This might lead to breaking code or invalid results. Use at your own risk. For more info please refer to:
https://scikit-learn.org/stable/model_persistence.html#security-maintainability-limitations
  warnings.warn(

2025-07-11 00:18:25,466:WARNING:C:\Users\damia\Desktop\dsc_pjatk\kod\BusPunctuality\venv\Lib\site-packages\sklearn\base.py:376: InconsistentVersionWarning: Trying to unpickle estimator OneHotEncoder from version 1.7.0 when using version 1.4.2. This might lead to breaking code or invalid results. Use at your own risk. For more info please refer to:
https://scikit-learn.org/stable/model_persistence.html#security-maintainability-limitations
  warnings.warn(

2025-07-11 00:19:05,251:INFO:Initializing load_model()
2025-07-11 00:19:05,251:INFO:load_model(model_name=C:\Users\damia\Desktop\dsc_pjatk\kod\BusPunctuality\xgb\xgboost, platform=None, authentication=None, verbose=True)
2025-07-11 00:19:05,273:WARNING:C:\Users\damia\Desktop\dsc_pjatk\kod\BusPunctuality\venv\Lib\site-packages\pycaret\internal\pipeline.py:152: UserWarning: Version mismatch:
current: {'deps_info': {'pip': '25.1.1', 'setuptools': '80.9.0', 'pycaret': '3.4.0', 'IPython': '9.4.0', 'ipywidgets': '8.1.7', 'tqdm': '4.67.1', 'numpy': '1.26.4', 'pandas': '2.1.4', 'jinja2': '3.1.6', 'scipy': '1.11.4', 'joblib': '1.4.2', 'sklearn': '1.4.2', 'pyod': '2.0.5', 'imblearn': '0.13.0', 'category_encoders': '2.7.0', 'lightgbm': '4.6.0', 'numba': '0.61.2', 'requests': '2.32.4', 'matplotlib': '3.7.5', 'scikitplot': '0.3.12', 'yellowbrick': '1.5', 'plotly': '5.24.1', 'plotly-resampler': 'Not installed', 'kaleido': '1.0.0', 'schemdraw': '0.15', 'statsmodels': '0.14.5', 'sktime': '0.31.0', 'tbats': '1.1.3', 'pmdarima': '2.0.4', 'psutil': '7.0.0', 'markupsafe': '3.0.2', 'pickle5': 'Not installed', 'cloudpickle': '3.1.1', 'deprecation': '2.1.0', 'xxhash': '3.5.0', 'wurlitzer': 'Not installed'}, 'python': {'version': '3.12.7', 'machine': 'AMD64'}}
pickle: {'deps_info': {'pip': '25.1.1', 'setuptools': '78.1.1', 'pycaret': '3.3.2', 'IPython': '8.17.2', 'ipywidgets': '8.1.1', 'tqdm': '4.66.1', 'numpy': '1.26.4', 'pandas': '2.1.4', 'jinja2': '3.1.6', 'scipy': '1.11.4', 'joblib': '1.3.2', 'sklearn': '1.4.2', 'pyod': '2.0.5', 'imblearn': '0.13.0', 'category_encoders': '2.7.0', 'lightgbm': '4.6.0', 'numba': '0.61.2', 'requests': '2.32.4', 'matplotlib': '3.7.5', 'scikitplot': '0.3.7', 'yellowbrick': '1.5', 'plotly': '5.24.1', 'plotly-resampler': 'Not installed', 'kaleido': '1.0.0', 'schemdraw': '0.15', 'statsmodels': '0.14.4', 'sktime': '0.26.0', 'tbats': '1.1.3', 'pmdarima': '2.0.4', 'psutil': '7.0.0', 'markupsafe': '3.0.2', 'pickle5': 'Not installed', 'cloudpickle': '3.1.1', 'deprecation': '2.1.0', 'xxhash': '3.5.0', 'wurlitzer': '3.1.1'}, 'python': {'version': '3.10.10', 'machine': 'x86_64'}}
  warnings.warn(

2025-07-11 00:19:05,274:WARNING:C:\Users\damia\Desktop\dsc_pjatk\kod\BusPunctuality\streamlit-app\models\xgb_model.py:80: FutureWarning: The argument 'infer_datetime_format' is deprecated and will be removed in a future version. A strict version of it is now the default, see https://pandas.pydata.org/pdeps/0004-consistent-to-datetime-parsing.html. You can safely remove this argument.
  self.df_mapping = pd.read_csv(

2025-07-11 00:19:05,486:WARNING:C:\Users\damia\Desktop\dsc_pjatk\kod\BusPunctuality\venv\Lib\site-packages\sklearn\base.py:376: InconsistentVersionWarning: Trying to unpickle estimator MinMaxScaler from version 1.7.0 when using version 1.4.2. This might lead to breaking code or invalid results. Use at your own risk. For more info please refer to:
https://scikit-learn.org/stable/model_persistence.html#security-maintainability-limitations
  warnings.warn(

2025-07-11 00:19:05,487:WARNING:C:\Users\damia\Desktop\dsc_pjatk\kod\BusPunctuality\venv\Lib\site-packages\sklearn\base.py:376: InconsistentVersionWarning: Trying to unpickle estimator OneHotEncoder from version 1.7.0 when using version 1.4.2. This might lead to breaking code or invalid results. Use at your own risk. For more info please refer to:
https://scikit-learn.org/stable/model_persistence.html#security-maintainability-limitations
  warnings.warn(

